// Jest Snapshot v1, https://goo.gl/fbAQLP

exports[`MixinPluginMaker Mixin Plugin Maker 1`] = `
Object {
  "testSuper": Object {
    "onlyPluginOne": [Function],
    "pluginAll": [Function],
    "pluginOneTwo": [Function],
  },
}
`;
